Archive member included to satisfy reference by file (symbol)

../musl/lib/crt0.a(Scrt1.o)   (_start)
../musl/lib/libc.a(__libc_start_main.lo)
                              ../musl/lib/crt0.a(Scrt1.o) (__libc_start_main)
../musl/lib/libc.a(__stack_chk_fail.lo)
                              ../musl/lib/libc.a(__libc_start_main.lo) (__init_ssp)
../musl/lib/libc.a(defsysinfo.lo)
                              ../musl/lib/libc.a(__libc_start_main.lo) (__sysinfo)
../musl/lib/libc.a(libc.lo)   ../musl/lib/libc.a(__libc_start_main.lo) (__libc)
../musl/lib/libc.a(memcpy.lo)
                              ../musl/lib/libc.a(__stack_chk_fail.lo) (memcpy)
../musl/lib/libc.a(__environ.lo)
                              ../musl/lib/libc.a(__libc_start_main.lo) (__environ)

There are no discarded input sections

Memory Configuration

Name             Origin             Length             Attributes
*default*        0x0000000000000000 0xffffffffffffffff

Linker script and memory map

LOAD musltest.o
LOAD muslpatch.o
LOAD ../musl/lib/crt0.a
LOAD ../musl/lib/libc.a
                [!provide]                        PROVIDE (__executable_start = SEGMENT_START ("text-segment", 0x0))
                0x0000000000000200                . = (SEGMENT_START ("text-segment", 0x0) + SIZEOF_HEADERS)

.interp         0x0000000000000200       0x1c
 *(.interp)
 .interp        0x0000000000000200       0x1c musltest.o

.note.gnu.build-id
                0x000000000000021c       0x24
 *(.note.gnu.build-id)
 .note.gnu.build-id
                0x000000000000021c       0x24 musltest.o

.hash
 *(.hash)

.gnu.hash       0x0000000000000240       0x1c
 *(.gnu.hash)
 .gnu.hash      0x0000000000000240       0x1c musltest.o

.dynsym         0x0000000000000260       0x18
 *(.dynsym)
 .dynsym        0x0000000000000260       0x18 musltest.o

.dynstr         0x0000000000000278        0x1
 *(.dynstr)
 .dynstr        0x0000000000000278        0x1 musltest.o

.gnu.version    0x000000000000027a        0x0
 *(.gnu.version)
 .gnu.version   0x000000000000027a        0x0 musltest.o

.gnu.version_d  0x0000000000000280        0x0
 *(.gnu.version_d)
 .gnu.version_d
                0x0000000000000280        0x0 musltest.o

.gnu.version_r  0x0000000000000280        0x0
 *(.gnu.version_r)
 .gnu.version_r
                0x0000000000000280        0x0 musltest.o

.rela.dyn       0x0000000000000280        0x0
 *(.rela.init)
 *(.rela.text .rela.text.* .rela.gnu.linkonce.t.*)
 *(.rela.fini)
 *(.rela.rodata .rela.rodata.* .rela.gnu.linkonce.r.*)
 *(.rela.data .rela.data.* .rela.gnu.linkonce.d.*)
 .rela.data.rel.ro
                0x0000000000000280        0x0 musltest.o
 *(.rela.tdata .rela.tdata.* .rela.gnu.linkonce.td.*)
 *(.rela.tbss .rela.tbss.* .rela.gnu.linkonce.tb.*)
 *(.rela.ctors)
 *(.rela.dtors)
 *(.rela.got)
 .rela.got      0x0000000000000280        0x0 musltest.o
 *(.rela.bss .rela.bss.* .rela.gnu.linkonce.b.*)
 .rela.bss      0x0000000000000280        0x0 musltest.o
 *(.rela.ldata .rela.ldata.* .rela.gnu.linkonce.l.*)
 *(.rela.lbss .rela.lbss.* .rela.gnu.linkonce.lb.*)
 *(.rela.lrodata .rela.lrodata.* .rela.gnu.linkonce.lr.*)
 *(.rela.ifunc)
 .rela.ifunc    0x0000000000000280        0x0 musltest.o

.rela.plt       0x0000000000000280        0x0
 *(.rela.plt)
 .rela.plt      0x0000000000000280        0x0 musltest.o
 *(.rela.iplt)

.relr.dyn
 *(.relr.dyn)
                0x0000000000001000                . = ALIGN (CONSTANT (MAXPAGESIZE))

.init           0x0000000000001000        0x1
 *(SORT_NONE(.init))
 .init          0x0000000000001000        0x1 muslpatch.o
                0x0000000000001000                _init

.plt            0x0000000000001010        0x0
 *(.plt)
 .plt           0x0000000000001010        0x0 musltest.o
 *(.iplt)

.plt.got        0x0000000000001008        0x0
 *(.plt.got)
 .plt.got       0x0000000000001008        0x0 musltest.o

.plt.sec
 *(.plt.sec)

.text           0x0000000000001002      0x670
 *(.text.unlikely .text.*_unlikely .text.unlikely.*)
 *(.text.exit .text.exit.*)
 *(.text.startup .text.startup.*)
 *(.text.hot .text.hot.*)
 *(SORT_BY_NAME(.text.sorted.*))
 *(.text .stub .text.* .gnu.linkonce.t.*)
 .text          0x0000000000001002        0xa musltest.o
                0x0000000000001002                main
 .text          0x000000000000100c        0x1 muslpatch.o
                0x000000000000100c                __init_tls
                0x000000000000100c                __libc_start_init
                0x000000000000100c                __syscall_cp
 *fill*         0x000000000000100d        0x1 
 .text          0x000000000000100e       0x53 ../musl/lib/crt0.a(Scrt1.o)
                0x000000000000100e                _start
                0x000000000000101e                _start_c
 *fill*         0x0000000000001061        0x1 
 .text          0x0000000000001062      0x54f ../musl/lib/libc.a(__libc_start_main.lo)
                0x000000000000107a                __init_libc
                0x000000000000150c                __libc_start_main
 *fill*         0x00000000000015b1        0x1 
 .text          0x00000000000015b2       0x88 ../musl/lib/libc.a(__stack_chk_fail.lo)
                0x00000000000015c0                __init_ssp
                0x000000000000162c                __stack_chk_fail
 .text          0x000000000000163a       0x38 ../musl/lib/libc.a(memcpy.lo)
                0x000000000000163a                memcpy
 *(.gnu.warning)

.fini           0x0000000000001672        0x8
 *(SORT_NONE(.fini))
 .fini          0x0000000000001672        0x8 muslpatch.o
                0x0000000000001672                _fini
                0x0000000000001673                exit
                [!provide]                        PROVIDE (__etext = .)
                [!provide]                        PROVIDE (_etext = .)
                [!provide]                        PROVIDE (etext = .)
                0x0000000000002000                . = ALIGN (CONSTANT (MAXPAGESIZE))
                0x0000000000002000                . = SEGMENT_START ("rodata-segment", (ALIGN (CONSTANT (MAXPAGESIZE)) + (. & (CONSTANT (MAXPAGESIZE) - 0x1))))

.rodata         0x0000000000002000        0xb
 *(.rodata .rodata.* .gnu.linkonce.r.*)
 .rodata        0x0000000000002000        0xb ../musl/lib/libc.a(__libc_start_main.lo)

.rodata1
 *(.rodata1)

.eh_frame_hdr
 *(.eh_frame_hdr)
 *(.eh_frame_entry .eh_frame_entry.*)

.eh_frame       0x0000000000002010        0x0
 *(.eh_frame)
 .eh_frame      0x0000000000002010        0x0 musltest.o
 .eh_frame      0x0000000000002010        0x0 musltest.o
 *(.eh_frame.*)

.sframe         0x0000000000002010        0x0
 *(.sframe)
 .sframe        0x0000000000002010        0x0 musltest.o
 *(.sframe.*)

.gcc_except_table
 *(.gcc_except_table .gcc_except_table.*)

.gnu_extab
 *(.gnu_extab*)

.exception_ranges
 *(.exception_ranges*)
                0x0000000000003f00                . = DATA_SEGMENT_ALIGN (CONSTANT (MAXPAGESIZE), CONSTANT (COMMONPAGESIZE))

.eh_frame
 *(.eh_frame)
 *(.eh_frame.*)

.sframe
 *(.sframe)
 *(.sframe.*)

.gnu_extab
 *(.gnu_extab)

.gcc_except_table
 *(.gcc_except_table .gcc_except_table.*)

.exception_ranges
 *(.exception_ranges*)

.tdata          0x0000000000003f00        0x0
                [!provide]                        PROVIDE (__tdata_start = .)
 *(.tdata .tdata.* .gnu.linkonce.td.*)

.tbss
 *(.tbss .tbss.* .gnu.linkonce.tb.*)
 *(.tcommon)

.preinit_array  0x0000000000003f00        0x0
                [!provide]                        PROVIDE (__preinit_array_start = .)
 *(.preinit_array)
                [!provide]                        PROVIDE (__preinit_array_end = .)

.init_array     0x0000000000003f00        0x0
                [!provide]                        PROVIDE (__init_array_start = .)
 *(SORT_BY_INIT_PRIORITY(.init_array.*) SORT_BY_INIT_PRIORITY(.ctors.*))
 *(.init_array EXCLUDE_FILE(*crtend?.o *crtend.o *crtbegin?.o *crtbegin.o) .ctors)
                [!provide]                        PROVIDE (__init_array_end = .)

.fini_array     0x0000000000003f00        0x0
                [!provide]                        PROVIDE (__fini_array_start = .)
 *(SORT_BY_INIT_PRIORITY(.fini_array.*) SORT_BY_INIT_PRIORITY(.dtors.*))
 *(.fini_array EXCLUDE_FILE(*crtend?.o *crtend.o *crtbegin?.o *crtbegin.o) .dtors)
                [!provide]                        PROVIDE (__fini_array_end = .)

.ctors
 *crtbegin.o(.ctors)
 *crtbegin?.o(.ctors)
 *(EXCLUDE_FILE(*crtend?.o *crtend.o) .ctors)
 *(SORT_BY_NAME(.ctors.*))
 *(.ctors)

.dtors
 *crtbegin.o(.dtors)
 *crtbegin?.o(.dtors)
 *(EXCLUDE_FILE(*crtend?.o *crtend.o) .dtors)
 *(SORT_BY_NAME(.dtors.*))
 *(.dtors)

.jcr
 *(.jcr)

.data.rel.ro    0x0000000000003f00        0x0
 *(.data.rel.ro.local* .gnu.linkonce.d.rel.ro.local.*)
 *(.data.rel.ro .data.rel.ro.* .gnu.linkonce.d.rel.ro.*)
 .data.rel.ro   0x0000000000003f00        0x0 musltest.o

.dynamic        0x0000000000003f00      0x100
 *(.dynamic)
 .dynamic       0x0000000000003f00      0x100 musltest.o
                0x0000000000003f00                _DYNAMIC

.got            0x0000000000004000        0x0
 *(.got.plt)
 .got.plt       0x0000000000004000        0x0 musltest.o
 *(.igot.plt)
 *(.got)
 .got           0x0000000000004000        0x0 musltest.o
 *(.igot)
                0x0000000000004000                . = DATA_SEGMENT_RELRO_END (., 0x0)

.data           0x0000000000004000       0x18
 *(.data .data.* .gnu.linkonce.d.*)
 .data          0x0000000000004000       0x10 ../musl/lib/libc.a(libc.lo)
                0x0000000000004000                __progname
                0x0000000000004008                __progname_full
 .data          0x0000000000004010        0x8 ../musl/lib/libc.a(__environ.lo)
                0x0000000000004010                __environ

.data1
 *(.data1)
                0x0000000000004018                _edata = .
                [!provide]                        PROVIDE (edata = .)
                0x0000000000004018                . = ALIGN (ALIGNOF (NEXT_SECTION))
                0x0000000000004018                __bss_start = .

.bss            0x0000000000004018       0x80
 *(.dynbss)
 .dynbss        0x0000000000004018        0x0 musltest.o
 *(.bss .bss.* .gnu.linkonce.b.*)
 .bss           0x0000000000004018        0x8 ../musl/lib/libc.a(__stack_chk_fail.lo)
                0x0000000000004018                __stack_chk_guard
 .bss           0x0000000000004020        0x8 ../musl/lib/libc.a(defsysinfo.lo)
                0x0000000000004020                __sysinfo
 .bss           0x0000000000004028       0x70 ../musl/lib/libc.a(libc.lo)
                0x0000000000004028                __libc
                0x0000000000004090                __hwcap
 *(COMMON)
                0x0000000000004098                . = ALIGN ((. != 0x0)?0x8:0x1)

.lbss
 *(.dynlbss)
 *(.lbss .lbss.* .gnu.linkonce.lb.*)
 *(LARGE_COMMON)
                0x0000000000004098                . = ALIGN (0x8)
                0x0000000000004098                . = SEGMENT_START ("ldata-segment", .)

.lrodata
 *(.lrodata .lrodata.* .gnu.linkonce.lr.*)

.ldata          0x0000000000006098        0x0
 *(.ldata .ldata.* .gnu.linkonce.l.*)
                0x0000000000006098                . = ALIGN ((. != 0x0)?0x8:0x1)
                0x0000000000006098                . = ALIGN (0x8)
                0x0000000000004098                _end = .
                [!provide]                        PROVIDE (end = .)
                0x0000000000006098                . = DATA_SEGMENT_END (.)

.stab
 *(.stab)

.stabstr
 *(.stabstr)

.stab.excl
 *(.stab.excl)

.stab.exclstr
 *(.stab.exclstr)

.stab.index
 *(.stab.index)

.stab.indexstr
 *(.stab.indexstr)

.comment
 *(.comment)

.gnu.build.attributes
 *(.gnu.build.attributes .gnu.build.attributes.*)

.debug
 *(.debug)

.line
 *(.line)

.debug_srcinfo
 *(.debug_srcinfo)

.debug_sfnames
 *(.debug_sfnames)

.debug_aranges
 *(.debug_aranges)

.debug_pubnames
 *(.debug_pubnames)

.debug_info
 *(.debug_info .gnu.linkonce.wi.*)

.debug_abbrev
 *(.debug_abbrev)

.debug_line
 *(.debug_line .debug_line.* .debug_line_end)

.debug_frame
 *(.debug_frame)

.debug_str
 *(.debug_str)

.debug_loc
 *(.debug_loc)

.debug_macinfo
 *(.debug_macinfo)

.debug_weaknames
 *(.debug_weaknames)

.debug_funcnames
 *(.debug_funcnames)

.debug_typenames
 *(.debug_typenames)

.debug_varnames
 *(.debug_varnames)

.debug_pubtypes
 *(.debug_pubtypes)

.debug_ranges
 *(.debug_ranges)

.debug_addr
 *(.debug_addr)

.debug_line_str
 *(.debug_line_str)

.debug_loclists
 *(.debug_loclists)

.debug_macro
 *(.debug_macro)

.debug_names
 *(.debug_names)

.debug_rnglists
 *(.debug_rnglists)

.debug_str_offsets
 *(.debug_str_offsets)

.debug_sup
 *(.debug_sup)

.gnu.attributes
 *(.gnu.attributes)

/DISCARD/
 *(.note.GNU-stack)
 *(.gnu_debuglink)
 *(.gnu.lto_*)
OUTPUT(a.out elf64-x86-64)
