### Symbols
  1000100:  (start address)
        0: G _init  (muslpatch.o)
        0: G _fini  (muslpatch.o)
        1: G exit  (muslpatch.o)
  1000100: G main  (musltest.o)
  100010a: G __init_tls  (muslpatch.o)
  100010a: G __syscall_cp  (muslpatch.o)
  100010a: G __libc_start_init  (muslpatch.o)
  100010c: G _start  (crt1.o)
  100011c: G _start_c  (crt1.o)
  1000160: L __syscall2  ()
  100016c: L __syscall3  ()
  1000178: G __init_libc  ()
  100060a: G __libc_start_main  ()
  1000658: L libc_start_main_stage2  ()
  10006b0: L __get_tp  ()
  10006be: G __init_ssp  ()
  100072a: G __stack_chk_fail  ()
  1000738: G memcpy  (memcpy.lo)
  1000770: L L.0052  ()
  1000771: L L.0055  ()
  1001000: G __environ  (__environ.lo)
  1001008: G __progname  (libc.lo)
  1001010: G __progname_full  (libc.lo)
  1001018: G __fini_array_start  (*generated*)
  1001018: G __fini_array_end  (*generated*)
  1001018: G __init_array_end  (*generated*)
  1001018: G __init_array_start  (*generated*)
  1001018: G __stack_chk_guard  ()
  1001020: G __libc  (libc.lo)
  1001088: G __hwcap  (libc.lo)
  1001090: G __sysinfo  (defsysinfo.lo)

### Entry point
  100010c: _start
